SampleID	Tissue	Description	Group	Rep	id	order	Conditioning	labels	monoMethyl
Conditional1_S10	synthetic	Cond1	Cond1	S10	Cond1_S10	Cond1	selected allele=30%	synthetic_Cond1_S10	Present
Conditional1_S1	synthetic	Cond1	Cond1	S1	Cond1_S1	Cond1	selected allele=30%	synthetic_Cond1_S1	Present
Conditional1_S2	synthetic	Cond1	Cond1	S2	Cond1_S2	Cond1	selected allele=30%	synthetic_Cond1_S2	Present
Conditional1_S3	synthetic	Cond1	Cond1	S3	Cond1_S3	Cond1	selected allele=30%	synthetic_Cond1_S3	Present
Conditional2_S1	synthetic	Cond2	Cond2	S1	Cond2_S1	Cond2	selected and permuted allele =30%	synthetic_Cond2_S1	Present
Conditional2_S2	synthetic	Cond2	Cond2	S2	Cond2_S2	Cond2	selected and permuted allele =30%	synthetic_Cond2_S2	Present
Conditional2_S3	synthetic	Cond2	Cond2	S3	Cond2_S3	Cond2	selected and permuted allele =30%	synthetic_Cond2_S3	Present
Conditional3_S1	synthetic	Cond3	Cond3	S1	Cond3_S1	Cond3	selected allele=10%	synthetic_Cond3_S1	Present
Conditional3_S2	synthetic	Cond3	Cond3	S2	Cond3_S2	Cond3	selected allele=10%	synthetic_Cond3_S2	Present
Conditional3_S3	synthetic	Cond3	Cond3	S3	Cond3_S3	Cond3	selected allele=10%	synthetic_Cond3_S3	Present
Conditional4_S1	synthetic	Cond4	Cond4	S1	Cond4_S1	Cond4	selected and permuted allele =10%	synthetic_Cond4_S1	Present
Conditional4_S2	synthetic	Cond4	Cond4	S2	Cond4_S2	Cond4	selected and permuted allele =10%	synthetic_Cond4_S2	Present
Conditional4_S3	synthetic	Cond4	Cond4	S3	Cond4_S3	Cond4	selected and permuted allele =10%	synthetic_Cond4_S3	Present
Randomized1_S1	synthetic	R1	R1	S1	R1_S1	R1	selected allele=30%	synthetic_R1_S1	Present
Randomized1_S2	synthetic	R1	R1	S2	R1_S2	R1	selected allele=30%	synthetic_R1_S2	Present
Randomized1_S3	synthetic	R1	R1	S3	R1_S3	R1	selected allele=30%	synthetic_R1_S3	Present
Randomized2_S1	synthetic	R2	R2	S1	R2_S1	R2	selected allele=10%	synthetic_R2_S1	Present
Randomized2_S2	synthetic	R2	R2	S2	R2_S2	R2	selected allele=10%	synthetic_R2_S2	Present
Randomized2_S3	synthetic	R2	R2	S3	R2_S3	R2	selected allele=10%	synthetic_R2_S3	Present
Random	synthetic	Random	R	Random	R	R	selected allele=0%	synthetic_R	Present